
R version 3.3.1 (2016-06-21) -- "Bug in Your Hair"
Copyright (C) 2016 The R Foundation for Statistical Computing
Platform: x86_64-apple-darwin13.4.0 (64-bit)

R is free software and comes with ABSOLUTELY NO WARRANTY.
You are welcome to redistribute it under certain conditions.
Type 'license()' or 'licence()' for distribution details.

  Natural language support but running in an English locale

R is a collaborative project with many contributors.
Type 'contributors()' for more information and
'citation()' on how to cite R or R packages in publications.

Type 'demo()' for some demos, 'help()' for on-line help, or
'help.start()' for an HTML browser interface to help.
Type 'q()' to quit R.

[R.app GUI 1.68 (7238) x86_64-apple-darwin13.4.0]

[Workspace restored from /Users/emilyosborne/.RData]
[History restored from /Users/emilyosborne/.Rapp.history]

> '?' (mean)
starting httpd help server ... done
> help(mean)
> help.searh("mean")
Error: could not find function "help.searh"
> help.search("mean")
> apropos("mean")
 [1] ".colMeans"     ".rowMeans"     "colMeans"      "kmeans"       
 [5] "mean"          "mean.Date"     "mean.default"  "mean.difftime"
 [9] "mean.POSIXct"  "mean.POSIXlt"  "rowMeans"      "weighted.mean"
> RSiteSearch("violin")
A search query has been submitted to http://search.r-project.org
The results page should open in your browser shortly
> RSiteSearch("violin", restrict = c("functions"))
A search query has been submitted to http://search.r-project.org
The results page should open in your browser shortly
> help(RSiteSearch)
> 